Archive member included to satisfy reference by file (symbol)

.\CortexM3\ARM_GCC_541\Debug\Final Code.a(IDAC8_PM.o)
                              .\CortexM3\ARM_GCC_541\Debug\main.o (IDAC8_Sleep)
.\CortexM3\ARM_GCC_541\Debug\Final Code.a(ADC.o)
                              .\CortexM3\ARM_GCC_541\Debug\main.o (ADC_StartConvert)
.\CortexM3\ARM_GCC_541\Debug\Final Code.a(ADC_INT.o)
                              .\CortexM3\ARM_GCC_541\Debug\Final Code.a(ADC.o) (ADC_ISR1)
.\CortexM3\ARM_GCC_541\Debug\Final Code.a(Flag.o)
                              .\CortexM3\ARM_GCC_541\Debug\main.o (Flag_Read)
.\CortexM3\ARM_GCC_541\Debug\Final Code.a(ADC_Ext_CP_Clk.o)
                              .\CortexM3\ARM_GCC_541\Debug\Final Code.a(ADC.o) (ADC_Ext_CP_Clk_SetModeRegister)
.\CortexM3\ARM_GCC_541\Debug\Final Code.a(ADC_theACLK.o)
                              .\CortexM3\ARM_GCC_541\Debug\Final Code.a(ADC.o) (ADC_theACLK_SetModeRegister)
.\CortexM3\ARM_GCC_541\Debug\Final Code.a(CyLib.o)
                              .\CortexM3\ARM_GCC_541\Debug\Cm3Start.o (CyHalt)
.\CortexM3\ARM_GCC_541\Debug\Final Code.a(cyPm.o)
                              .\CortexM3\ARM_GCC_541\Debug\Final Code.a(CyLib.o) (CyPmReadStatus)
.\CortexM3\ARM_GCC_541\Debug\Final Code.a(Reset.o)
                              .\CortexM3\ARM_GCC_541\Debug\main.o (Reset_Read)
.\CortexM3\ARM_GCC_541\Debug\Final Code.a(LED.o)
                              .\CortexM3\ARM_GCC_541\Debug\main.o (LED_Write)
.\CortexM3\ARM_GCC_541\Debug\Final Code.a(Buzzer.o)
                              .\CortexM3\ARM_GCC_541\Debug\main.o (Buzzer_Write)
.\CortexM3\ARM_GCC_541\Debug\Final Code.a(QuadDec_Right.o)
                              .\CortexM3\ARM_GCC_541\Debug\main.o (QuadDec_Right_GetCounter)
.\CortexM3\ARM_GCC_541\Debug\Final Code.a(QuadDec_Right_INT.o)
                              .\CortexM3\ARM_GCC_541\Debug\Final Code.a(QuadDec_Right.o) (QuadDec_Right_ISR)
.\CortexM3\ARM_GCC_541\Debug\Final Code.a(QuadDec_Left.o)
                              .\CortexM3\ARM_GCC_541\Debug\main.o (QuadDec_Left_GetCounter)
.\CortexM3\ARM_GCC_541\Debug\Final Code.a(QuadDec_Left_INT.o)
                              .\CortexM3\ARM_GCC_541\Debug\Final Code.a(QuadDec_Left.o) (QuadDec_Left_ISR)
.\CortexM3\ARM_GCC_541\Debug\Final Code.a(PWM_M1.o)
                              .\CortexM3\ARM_GCC_541\Debug\main.o (PWM_M1_Stop)
.\CortexM3\ARM_GCC_541\Debug\Final Code.a(PWM_Grip.o)
                              .\CortexM3\ARM_GCC_541\Debug\main.o (PWM_Grip_WriteCompare)
.\CortexM3\ARM_GCC_541\Debug\Final Code.a(LED_Blue.o)
                              .\CortexM3\ARM_GCC_541\Debug\main.o (LED_Blue_Write)
.\CortexM3\ARM_GCC_541\Debug\Final Code.a(LED_Green.o)
                              .\CortexM3\ARM_GCC_541\Debug\main.o (LED_Green_Write)
.\CortexM3\ARM_GCC_541\Debug\Final Code.a(LED_Red.o)
                              .\CortexM3\ARM_GCC_541\Debug\main.o (LED_Red_Write)
.\CortexM3\ARM_GCC_541\Debug\Final Code.a(M2_Direction.o)
                              .\CortexM3\ARM_GCC_541\Debug\main.o (M2_Direction_Write)
.\CortexM3\ARM_GCC_541\Debug\Final Code.a(M1_Direction.o)
                              .\CortexM3\ARM_GCC_541\Debug\main.o (M1_Direction_Write)
.\CortexM3\ARM_GCC_541\Debug\Final Code.a(PWM_M2.o)
                              .\CortexM3\ARM_GCC_541\Debug\main.o (PWM_M2_Stop)
.\CortexM3\ARM_GCC_541\Debug\Final Code.a(Left_bumper.o)
                              .\CortexM3\ARM_GCC_541\Debug\main.o (Left_bumper_Read)
.\CortexM3\ARM_GCC_541\Debug\Final Code.a(Right_bumper.o)
                              .\CortexM3\ARM_GCC_541\Debug\main.o (Right_bumper_Read)
.\CortexM3\ARM_GCC_541\Debug\Final Code.a(Timer_ULTRASONIC_F2.o)
                              .\CortexM3\ARM_GCC_541\Debug\main.o (Timer_ULTRASONIC_F2_ReadStatusRegister)
.\CortexM3\ARM_GCC_541\Debug\Final Code.a(Timer_ULTRASONIC_F1.o)
                              .\CortexM3\ARM_GCC_541\Debug\main.o (Timer_ULTRASONIC_F1_ReadStatusRegister)
.\CortexM3\ARM_GCC_541\Debug\Final Code.a(Timer_ULTRASONIC_L.o)
                              .\CortexM3\ARM_GCC_541\Debug\main.o (Timer_ULTRASONIC_L_ReadStatusRegister)
.\CortexM3\ARM_GCC_541\Debug\Final Code.a(Timer_ULTRASONIC_R.o)
                              .\CortexM3\ARM_GCC_541\Debug\main.o (Timer_ULTRASONIC_R_ReadStatusRegister)
.\CortexM3\ARM_GCC_541\Debug\Final Code.a(PWM_Lift.o)
                              .\CortexM3\ARM_GCC_541\Debug\main.o (PWM_Lift_WriteCompare)
.\CortexM3\ARM_GCC_541\Debug\Final Code.a(QuadDec_Right_Cnt16.o)
                              .\CortexM3\ARM_GCC_541\Debug\Final Code.a(QuadDec_Right.o) (QuadDec_Right_Cnt16_Stop)
.\CortexM3\ARM_GCC_541\Debug\Final Code.a(QuadDec_Left_Cnt16.o)
                              .\CortexM3\ARM_GCC_541\Debug\Final Code.a(QuadDec_Left.o) (QuadDec_Left_Cnt16_Stop)
.\CortexM3\ARM_GCC_541\Debug\Final Code.a(CyBootAsmGnu.o)
                              .\CortexM3\ARM_GCC_541\Debug\cyfitter_cfg.o (CyDelayCycles)
[...]
Memory Configuration

Name             Origin             Length             Attributes
rom              0x00000000         0x00040000         xr
ram              0x1fff8000         0x00010000         xrw
*default*        0x00000000         0xffffffff

Linker script and memory map

LOAD c:/program files (x86)/cypress/psoc creator/4.1/psoc creator/import/gnu/arm/5.4.1/bin/../lib/gcc/arm-none-eabi/5.4.1/armv7-m/crti.o
LOAD c:/program files (x86)/cypress/psoc creator/4.1/psoc creator/import/gnu/arm/5.4.1/bin/../lib/gcc/arm-none-eabi/5.4.1/armv7-m/crtbegin.o
LOAD c:/program files (x86)/cypress/psoc creator/4.1/psoc creator/import/gnu/arm/5.4.1/bin/../lib/gcc/arm-none-eabi/5.4.1/../../../../arm-none-eabi/lib/armv7-m/crt0.o
START GROUP
LOAD .\CortexM3\ARM_GCC_541\Debug\main.o
LOAD .\CortexM3\ARM_GCC_541\Debug\cyfitter_cfg.o
LOAD .\CortexM3\ARM_GCC_541\Debug\cymetadata.o
LOAD .\CortexM3\ARM_GCC_541\Debug\Cm3Start.o
LOAD .\CortexM3\ARM_GCC_541\Debug\Final Code.a
LOAD C:\Program Files (x86)\Cypress\PSoC Creator\4.1\PSoC Creator\psoc\content\cycomponentlibrary\CyComponentLibrary.cylib\CortexM3\ARM_GCC_541\Debug\CyComponentLibrary.a
END GROUP
START GROUP
LOAD c:/program files (x86)/cypress/psoc creator/4.1/psoc creator/import/gnu/arm/5.4.1/bin/../lib/gcc/arm-none-eabi/5.4.1/armv7-m\libgcc.a
LOAD c:/program files (x86)/cypress/psoc creator/4.1/psoc creator/import/gnu/arm/5.4.1/bin/../lib/gcc/arm-none-eabi/5.4.1/../../../../arm-none-eabi/lib/armv7-m\libg_nano.a
LOAD c:/program files (x86)/cypress/psoc creator/4.1/psoc creator/import/gnu/arm/5.4.1/bin/../lib/gcc/arm-none-eabi/5.4.1/../../../../arm-none-eabi/lib/armv7-m\libc_nano.a
END GROUP
START GROUP
LOAD c:/program files (x86)/cypress/psoc creator/4.1/psoc creator/import/gnu/arm/5.4.1/bin/../lib/gcc/arm-none-eabi/5.4.1/armv7-m\libgcc.a
LOAD c:/program files (x86)/cypress/psoc creator/4.1/psoc creator/import/gnu/arm/5.4.1/bin/../lib/gcc/arm-none-eabi/5.4.1/../../../../arm-none-eabi/lib/armv7-m\libc_nano.a
END GROUP
LOAD c:/program files (x86)/cypress/psoc creator/4.1/psoc creator/import/gnu/arm/5.4.1/bin/../lib/gcc/arm-none-eabi/5.4.1/armv7-m/crtend.o
LOAD c:/program files (x86)/cypress/psoc creator/4.1/psoc creator/import/gnu/arm/5.4.1/bin/../lib/gcc/arm-none-eabi/5.4.1/armv7-m/crtn.o
START GROUP
LOAD c:/program files (x86)/cypress/psoc creator/4.1/psoc creator/import/gnu/arm/5.4.1/bin/../lib/gcc/arm-none-eabi/5.4.1/armv7-m\libgcc.a
LOAD c:/program files (x86)/cypress/psoc creator/4.1/psoc creator/import/gnu/arm/5.4.1/bin/../lib/gcc/arm-none-eabi/5.4.1/../../../../arm-none-eabi/lib/armv7-m\libc.a
LOAD c:/program files (x86)/cypress/psoc creator/4.1/psoc creator/import/gnu/arm/5.4.1/bin/../lib/gcc/arm-none-eabi/5.4.1/../../../../arm-none-eabi/lib/armv7-m\libnosys.a
END GROUP
                0x00000000                CY_APPL_ORIGIN = 0x0
                0x00000100                CY_FLASH_ROW_SIZE = 0x100
                0x00000020                CY_ECC_ROW_SIZE = 0x20
                0x00000000                CY_EE_IN_BTLDR = 0x0
                0x00000000                CY_APPL_LOADABLE = 0x0
                0x00000800                CY_EE_SIZE = 0x800
                0x00000001                CY_APPL_NUM = 0x1
                0x00000001                CY_APPL_MAX = 0x1
                0x00000040                CY_METADATA_SIZE = 0x40
                0x00000000                CY_APPL_LOADABLE = 0x0
                0x00000000                CY_CHECKSUM_EXCLUDE_SIZE = ALIGN (0x0, CY_FLASH_ROW_SIZE)
                [!provide]                PROVIDE (__cy_heap_start, _end)
                0x00000001                PROVIDE (__cy_region_num, ((__cy_regions_end - __cy_regions) / 0x10))
                0x20008000                PROVIDE (__cy_stack, (ORIGIN (ram) + LENGTH (ram)))
                [!provide]                PROVIDE (__cy_heap_end, (__cy_stack - 0x800))

.cybootloader   0x00000000        0x0
 *(.cybootloader)
                0x00000000                appl1_start = CY_APPL_ORIGIN?CY_APPL_ORIGIN:ALIGN (CY_FLASH_ROW_SIZE)
                0x0001ff00                appl2_start = (appl1_start + ALIGN ((((LENGTH (rom) - appl1_start) - (0x2 * CY_FLASH_ROW_SIZE)) / 0x2), CY_FLASH_ROW_SIZE))
                0x00000000                appl_start = (CY_APPL_NUM == 0x1)?appl1_start:appl2_start
                0x00000000                ecc_offset = ((appl_start / CY_FLASH_ROW_SIZE) * CY_ECC_ROW_SIZE)
                0x00000000                ee_offset = (CY_APPL_LOADABLE && ! (CY_EE_IN_BTLDR))?((CY_EE_SIZE / CY_APPL_MAX) * (CY_APPL_NUM - 0x1)):0x0
                0x00000800                ee_size = (CY_APPL_LOADABLE && ! (CY_EE_IN_BTLDR))?(CY_EE_SIZE / CY_APPL_MAX):CY_EE_SIZE
                [!provide]                PROVIDE (CY_ECC_OFFSET, ecc_offset)

.text           0x00000000      0x5b6
 CREATE_OBJECT_SYMBOLS
                0x00000000                PROVIDE (__cy_interrupt_vector, RomVectors)
 *(.romvectors)
 .romvectors    0x00000000       0x10 .\CortexM3\ARM_GCC_541\Debug\Cm3Start.o
                0x00000000                RomVectors
                0x00000001                ASSERT ((. != __cy_interrupt_vector), No interrupt vector)
                0x00000001                ASSERT (CY_APPL_ORIGIN?(SIZEOF (.cybootloader) <= CY_APPL_ORIGIN):0x1, Wrong image location)
                0x00000010                PROVIDE (__cy_reset, Reset)
 *(.text.Reset)
 .text.Reset    0x00000010       0x18 .\CortexM3\ARM_GCC_541\Debug\Cm3Start.o
                0x00000010                Reset
                0x00000001                ASSERT ((. != __cy_reset), No reset code)
 *(.dma_init)
                0x00000001                ASSERT ((((appl_start + .) <= 0x10000) || 0x1), DMA Init must be within the first 64k of flash)
 *(.text .text.* .gnu.linkonce.t.*)
 .text          0x00000028       0x5c c:/program files (x86)/cypress/psoc creator/4.1/psoc creator/import/gnu/arm/5.4.1/bin/../lib/gcc/arm-none-eabi/5.4.1/armv7-m/crtbegin.o
 .text.main     0x00000084       0x24 .\CortexM3\ARM_GCC_541\Debug\main.o
                0x00000084                main
 .text.CyClockStartupError
                0x000000a8        0x4 .\CortexM3\ARM_GCC_541\Debug\cyfitter_cfg.o
 .text.cfg_write_bytes32
                0x000000ac       0x34 .\CortexM3\ARM_GCC_541\Debug\cyfitter_cfg.o
 .text.AnalogSetDefault
                0x000000e0       0x7c .\CortexM3\ARM_GCC_541\Debug\cyfitter_cfg.o
 .text.CYMEMZERO
                0x0000015c        0xc .\CortexM3\ARM_GCC_541\Debug\cyfitter_cfg.o
 .text.CYCONFIGCPY
                0x00000168        0x8 .\CortexM3\ARM_GCC_541\Debug\cyfitter_cfg.o
 .text.ClockSetup
                0x00000170      0x118 .\CortexM3\ARM_GCC_541\Debug\cyfitter_cfg.o
 .text.cyfitter_cfg
                0x00000288      0x188 .\CortexM3\ARM_GCC_541\Debug\cyfitter_cfg.o
                0x00000288                cyfitter_cfg
 .text.IntDefaultHandler
                0x00000410       0x10 .\CortexM3\ARM_GCC_541\Debug\Cm3Start.o
                0x00000410                IntDefaultHandler
 .text.Start_c  0x00000420       0x4c .\CortexM3\ARM_GCC_541\Debug\Cm3Start.o
                0x00000420                Start_c
 .text.initialize_psoc
                0x0000046c       0x68 .\CortexM3\ARM_GCC_541\Debug\Cm3Start.o
                0x0000046c                initialize_psoc
 .text.CyDelay  0x000004d4       0x2c .\CortexM3\ARM_GCC_541\Debug\Final Code.a(CyLib.o)
                0x000004d4                CyDelay
 .text.LED_Write
                0x00000500       0x18 .\CortexM3\ARM_GCC_541\Debug\Final Code.a(LED.o)
                0x00000500                LED_Write
 .text          0x00000518       0x20 .\CortexM3\ARM_GCC_541\Debug\Final Code.a(CyBootAsmGnu.o)
                0x00000518                CyDelayCycles
                0x00000528                CyEnterCriticalSection
                0x00000530                CyExitCriticalSection
 .text.__errno  0x00000538        0xc c:/program files (x86)/cypress/psoc creator/4.1/psoc creator/import/gnu/arm/5.4.1/bin/../lib/gcc/arm-none-eabi/5.4.1/../../../../arm-none-eabi/lib/armv7-m\libg_nano.a(lib_a-errno.o)
                0x00000538                __errno
 .text.__libc_init_array
                0x00000544       0x4c c:/program files (x86)/cypress/psoc creator/4.1/psoc creator/import/gnu/arm/5.4.1/bin/../lib/gcc/arm-none-eabi/5.4.1/../../../../arm-none-eabi/lib/armv7-m\libg_nano.a(lib_a-init.o)
                0x00000544                __libc_init_array
 .text.memcpy   0x00000590       0x16 c:/program files (x86)/cypress/psoc creator/4.1/psoc creator/import/gnu/arm/5.4.1/bin/../lib/gcc/arm-none-eabi/5.4.1/../../../../arm-none-eabi/lib/armv7-m\libg_nano.a(lib_a-memcpy-stub.o)
                0x00000590                memcpy
 .text.memset   0x000005a6       0x10 c:/program files (x86)/cypress/psoc creator/4.1/psoc creator/import/gnu/arm/5.4.1/bin/../lib/gcc/arm-none-eabi/5.4.1/../../../../arm-none-eabi/lib/armv7-m\libg_nano.a(lib_a-memset.o)
                0x000005a6                memset
 *(.plt)
 *(.gnu.warning)
 *(.glue_7t)
 .glue_7t       0x000005b6        0x0 linker stubs
 *(.glue_7)
 .glue_7        0x000005b6        0x0 linker stubs
 *(.vfp11_veneer)
 .vfp11_veneer  0x000005b6        0x0 linker stubs
 *(.bootloader)
 *(.ARM.extab* .gnu.linkonce.armextab.*)
 *(.gcc_except_table)

.v4_bx          0x000005b8        0x0
 .v4_bx         0x000005b8        0x0 linker stubs

.iplt           0x000005b8        0x0
 .iplt          0x000005b8        0x0 c:/program files (x86)/cypress/psoc creator/4.1/psoc creator/import/gnu/arm/5.4.1/bin/../lib/gcc/arm-none-eabi/5.4.1/armv7-m/crtbegin.o

.eh_frame_hdr
 *(.eh_frame_hdr)

.eh_frame       0x000005b8        0x4
 *(.eh_frame)
 .eh_frame      0x000005b8        0x0 c:/program files (x86)/cypress/psoc creator/4.1/psoc creator/import/gnu/arm/5.4.1/bin/../lib/gcc/arm-none-eabi/5.4.1/armv7-m/crtbegin.o
 .eh_frame      0x000005b8        0x4 c:/program files (x86)/cypress/psoc creator/4.1/psoc creator/import/gnu/arm/5.4.1/bin/../lib/gcc/arm-none-eabi/5.4.1/armv7-m/crtend.o
                [!provide]                PROVIDE (__exidx_start, .)

.ARM.exidx
 *(.ARM.exidx* .gnu.linkonce.armexidx.*)
                0x000005bc                __exidx_end = .

.rodata         0x000005bc       0xac
 *(.rodata .rodata.* .gnu.linkonce.r.*)
 .rodata        0x000005bc       0x76 .\CortexM3\ARM_GCC_541\Debug\cyfitter_cfg.o
 .rodata.str1.1
                0x00000632        0x2 c:/program files (x86)/cypress/psoc creator/4.1/psoc creator/import/gnu/arm/5.4.1/bin/../lib/gcc/arm-none-eabi/5.4.1/../../../../arm-none-eabi/lib/armv7-m\libg_nano.a(lib_a-impure.o)
                0x00000634                . = ALIGN (0x4)
 *(.init)
 .init          0x00000634        0x4 c:/program files (x86)/cypress/psoc creator/4.1/psoc creator/import/gnu/arm/5.4.1/bin/../lib/gcc/arm-none-eabi/5.4.1/armv7-m/crti.o
                0x00000634                _init
 .init          0x00000638        0x8 c:/program files (x86)/cypress/psoc creator/4.1/psoc creator/import/gnu/arm/5.4.1/bin/../lib/gcc/arm-none-eabi/5.4.1/armv7-m/crtn.o
                0x00000640                . = ALIGN (0x4)
                0x00000640                __preinit_array_start = .
 *(.preinit_array)
                0x00000640                __preinit_array_end = .
                0x00000640                . = ALIGN (0x4)
                0x00000640                __init_array_start = .
 *(SORT(.init_array.*))
 *(.init_array)
 .init_array    0x00000640        0x4 c:/program files (x86)/cypress/psoc creator/4.1/psoc creator/import/gnu/arm/5.4.1/bin/../lib/gcc/arm-none-eabi/5.4.1/armv7-m/crtbegin.o
 .init_array    0x00000644        0x4 .\CortexM3\ARM_GCC_541\Debug\Cm3Start.o
                0x00000648                __init_array_end = .
                0x00000648                . = ALIGN (0x4)
 *(.fini)
 .fini          0x00000648        0x4 c:/program files (x86)/cypress/psoc creator/4.1/psoc creator/import/gnu/arm/5.4.1/bin/../lib/gcc/arm-none-eabi/5.4.1/armv7-m/crti.o
                0x00000648                _fini
 .fini          0x0000064c        0x8 c:/program files (x86)/cypress/psoc creator/4.1/psoc creator/import/gnu/arm/5.4.1/bin/../lib/gcc/arm-none-eabi/5.4.1/armv7-m/crtn.o
                0x00000654                . = ALIGN (0x4)
                0x00000654                __fini_array_start = .
 *(.fini_array)
 .fini_array    0x00000654        0x4 c:/program files (x86)/cypress/psoc creator/4.1/psoc creator/import/gnu/arm/5.4.1/bin/../lib/gcc/arm-none-eabi/5.4.1/armv7-m/crtbegin.o
 *(SORT(.fini_array.*))
                0x00000658                __fini_array_end = .
                0x00000658                . = ALIGN (0x4)
 *crtbegin.o(.ctors)
 *(EXCLUDE_FILE(*crtend.o) .ctors)
 *(SORT(.ctors.*))
 *crtend.o(.ctors)
                0x00000658                . = ALIGN (0x4)
 *crtbegin.o(.dtors)
 *(EXCLUDE_FILE(*crtend.o) .dtors)
 *(SORT(.dtors.*))
 *crtend.o(.dtors)
                0x00000658                . = ALIGN (0x4)
                0x00000658                __cy_regions = .
                0x00000658        0x4 LONG 0x668 __cy_region_init_ram
                0x0000065c        0x4 LONG 0x1fff80c8 __cy_region_start_data
                0x00000660        0x4 LONG 0x78 __cy_region_init_size_ram
                0x00000664        0x4 LONG 0x20 __cy_region_zero_size_ram
                0x00000668                __cy_regions_end = .
                0x00000668                . = ALIGN (0x8)
                0x00000668                _etext = .

.cy_checksum_exclude
                0x00000668        0x0
 *(.cy_checksum_exclude)

.ramvectors     0x1fff8000       0xc0
                0x1fff8000                __cy_region_start_ram = .
 *(.ramvectors)
 .ramvectors    0x1fff8000       0xc0 .\CortexM3\ARM_GCC_541\Debug\Cm3Start.o
                0x1fff8000                CyRamVectors

.noinit         0x1fff80c0        0x1
 *(.noinit)
 .noinit        0x1fff80c0        0x1 .\CortexM3\ARM_GCC_541\Debug\Final Code.a(CyLib.o)
                0x1fff80c0                CyResetStatus

.data           0x1fff80c8       0x78 load address 0x00000668
                0x1fff80c8                __cy_region_start_data = .
 *(.jcr)
 .jcr           0x1fff80c8        0x0 c:/program files (x86)/cypress/psoc creator/4.1/psoc creator/import/gnu/arm/5.4.1/bin/../lib/gcc/arm-none-eabi/5.4.1/armv7-m/crtbegin.o
 .jcr           0x1fff80c8        0x4 c:/program files (x86)/cypress/psoc creator/4.1/psoc creator/import/gnu/arm/5.4.1/bin/../lib/gcc/arm-none-eabi/5.4.1/armv7-m/crtend.o
 *(.got.plt)
 *(.got)
 *(.shdata)
 *(.data .data.* .gnu.linkonce.d.*)
 .data          0x1fff80cc       0x10 .\CortexM3\ARM_GCC_541\Debug\Final Code.a(CyLib.o)
                0x1fff80cc                cydelay_32k_ms
                0x1fff80d0                cydelay_freq_khz
                0x1fff80d4                cydelay_freq_mhz
                0x1fff80d8                cydelay_freq_hz
 .data.impure_data
                0x1fff80dc       0x60 c:/program files (x86)/cypress/psoc creator/4.1/psoc creator/import/gnu/arm/5.4.1/bin/../lib/gcc/arm-none-eabi/5.4.1/../../../../arm-none-eabi/lib/armv7-m\libg_nano.a(lib_a-impure.o)
 .data._impure_ptr
                0x1fff813c        0x4 c:/program files (x86)/cypress/psoc creator/4.1/psoc creator/import/gnu/arm/5.4.1/bin/../lib/gcc/arm-none-eabi/5.4.1/../../../../arm-none-eabi/lib/armv7-m\libg_nano.a(lib_a-impure.o)
                0x1fff813c                _impure_ptr
                0x1fff8140                . = ALIGN (0x8)
 *(.ram)
                0x1fff8140                _edata = .

.igot.plt       0x1fff8140        0x0 load address 0x000006e0
 .igot.plt      0x1fff8140        0x0 c:/program files (x86)/cypress/psoc creator/4.1/psoc creator/import/gnu/arm/5.4.1/bin/../lib/gcc/arm-none-eabi/5.4.1/armv7-m/crtbegin.o

.bss            0x1fff8140       0x20 load address 0x000006e0
                0x1fff8140                PROVIDE (__bss_start__, .)
 *(.shbss)
 *(.bss .bss.* .gnu.linkonce.b.*)
 .bss           0x1fff8140       0x1c c:/program files (x86)/cypress/psoc creator/4.1/psoc creator/import/gnu/arm/5.4.1/bin/../lib/gcc/arm-none-eabi/5.4.1/armv7-m/crtbegin.o
 *(COMMON)
                0x1fff8160                . = ALIGN (0x8)
 *fill*         0x1fff815c        0x4 
 *(.ram.b)
                0x1fff8160                _end = .
                0x1fff8160                __end = .
                0x1fff8160                PROVIDE (end, .)
                0x1fff8160                PROVIDE (__bss_end__, .)
                0x00000668                __cy_region_init_ram = LOADADDR (.data)
                0x00000078                __cy_region_init_size_ram = (_edata - ADDR (.data))
                0x00000020                __cy_region_zero_size_ram = (_end - _edata)

.heap           0x1fff8160       0x80 load address 0x000006e0
                0x1fff8160                . = _end
                0x1fff81e0                . = (. + 0x80)
 *fill*         0x1fff8160       0x80 
                0x1fff81e0                __cy_heap_limit = .

.stack          0x20007800      0x800
                0x20007800                __cy_stack_limit = .
                0x20008000                . = (. + 0x800)
 *fill*         0x20007800      0x800 
                0x00000001                ASSERT ((__cy_stack_limit >= __cy_heap_limit), region RAM overflowed with stack)
                0x00000000                cy_checksum_exclude_size = (CY_APPL_LOADABLE == 0x1)?SIZEOF (.cy_checksum_exclude):0x0
                0x00000001                ASSERT ((cy_checksum_exclude_size <= CY_CHECKSUM_EXCLUDE_SIZE), CY_BOOT: Section .cy_checksum_exclude size exceedes specified limit.)

.cyloadermeta
 *(.cyloadermeta)

.cyloadablemeta
 *(.cyloadablemeta)

.cyconfigecc    0x80000000     0x12e8
 *(.cyconfigecc)
 .cyconfigecc   0x80000000     0x12e8 .\CortexM3\ARM_GCC_541\Debug\cymetadata.o
                0x80000000                cy_meta_configecc

.cycustnvl      0x90000000        0x4
 *(.cycustnvl)
 .cycustnvl     0x90000000        0x4 .\CortexM3\ARM_GCC_541\Debug\cymetadata.o
                0x90000000                cy_meta_custnvl

.cywolatch      0x90100000        0x4
 *(.cywolatch)
 .cywolatch     0x90100000        0x4 .\CortexM3\ARM_GCC_541\Debug\cymetadata.o
                0x90100000                cy_meta_wonvl

.cyeeprom       0x90200000        0x0
 *(.cyeeprom)
                0x00000001                ASSERT ((. <= ((0x90200000 + ee_offset) + ee_size)), .cyeeprom data will not fit in EEPROM)

.cyflashprotect
                0x90400000      0x100
 *(.cyflashprotect)
 .cyflashprotect
                0x90400000      0x100 .\CortexM3\ARM_GCC_541\Debug\cymetadata.o
                0x90400000                cy_meta_flashprotect

.cymeta         0x90500000        0xc
 *(.cymeta)
 .cymeta        0x90500000        0xc .\CortexM3\ARM_GCC_541\Debug\cymetadata.o
                0x90500000                cy_metadata

.rel.dyn        0x000006e0        0x0 load address 0x9050000c
 .rel.iplt      0x000006e0        0x0 c:/program files (x86)/cypress/psoc creator/4.1/psoc creator/import/gnu/arm/5.4.1/bin/../lib/gcc/arm-none-eabi/5.4.1/armv7-m/crtbegin.o

.stab
 *(.stab)

.stabstr
 *(.stabstr)

.debug
 *(.debug)

.line
 *(.line)

.debug_srcinfo
 *(.debug_srcinfo)

.debug_sfnames
 *(.debug_sfnames)

.debug_aranges  0x00000000     0x1190
 *(.debug_aranges)
 .debug_aranges
                0x00000000       0xa8 .\CortexM3\ARM_GCC_541\Debug\main.o
 .debug_aranges
                0x000000a8       0x58 .\CortexM3\ARM_GCC_541\Debug\cyfitter_cfg.o
 .debug_aranges
                0x00000100       0x18 .\CortexM3\ARM_GCC_541\Debug\cymetadata.o
 .debug_aranges
                0x00000118       0x48 .\CortexM3\ARM_GCC_541\Debug\Cm3Start.o
 .debug_aranges
                0x00000160       0x38 .\CortexM3\ARM_GCC_541\Debug\Final Code.a(IDAC8_PM.o)
 .debug_aranges
                0x00000198       0xe8 .\CortexM3\ARM_GCC_541\Debug\Final Code.a(ADC.o)
 .debug_aranges
                0x00000280       0x38 .\CortexM3\ARM_GCC_541\Debug\Final Code.a(ADC_INT.o)
 .debug_aranges
                0x000002b8       0x38 .\CortexM3\ARM_GCC_541\Debug\Final Code.a(Flag.o)
 .debug_aranges
                0x000002f0       0x70 .\CortexM3\ARM_GCC_541\Debug\Final Code.a(ADC_Ext_CP_Clk.o)
 .debug_aranges
                0x00000360       0x80 .\CortexM3\ARM_GCC_541\Debug\Final Code.a(ADC_theACLK.o)
 .debug_aranges
                0x000003e0      0x2a0 .\CortexM3\ARM_GCC_541\Debug\Final Code.a(CyLib.o)
 .debug_aranges
                0x00000680       0x98 .\CortexM3\ARM_GCC_541\Debug\Final Code.a(cyPm.o)
 .debug_aranges
                0x00000718       0x38 .\CortexM3\ARM_GCC_541\Debug\Final Code.a(Reset.o)
 .debug_aranges
                0x00000750       0x38 .\CortexM3\ARM_GCC_541\Debug\Final Code.a(LED.o)
 .debug_aranges
                0x00000788       0x38 .\CortexM3\ARM_GCC_541\Debug\Final Code.a(Buzzer.o)
 .debug_aranges
                0x000007c0       0x60 .\CortexM3\ARM_GCC_541\Debug\Final Code.a(QuadDec_Right.o)
 .debug_aranges
                0x00000820       0x20 .\CortexM3\ARM_GCC_541\Debug\Final Code.a(QuadDec_Right_INT.o)
 .debug_aranges
                0x00000840       0x60 .\CortexM3\ARM_GCC_541\Debug\Final Code.a(QuadDec_Left.o)
 .debug_aranges
                0x000008a0       0x20 .\CortexM3\ARM_GCC_541\Debug\Final Code.a(QuadDec_Left_INT.o)
 .debug_aranges
                0x000008c0       0x98 .\CortexM3\ARM_GCC_541\Debug\Final Code.a(PWM_M1.o)
 .debug_aranges
                0x00000958       0x98 .\CortexM3\ARM_GCC_541\Debug\Final Code.a(PWM_Grip.o)
 .debug_aranges
                0x000009f0       0x38 .\CortexM3\ARM_GCC_541\Debug\Final Code.a(LED_Blue.o)
 .debug_aranges
                0x00000a28       0x38 .\CortexM3\ARM_GCC_541\Debug\Final Code.a(LED_Green.o)
 .debug_aranges
                0x00000a60       0x38 .\CortexM3\ARM_GCC_541\Debug\Final Code.a(LED_Red.o)
 .debug_aranges
                0x00000a98       0x28 .\CortexM3\ARM_GCC_541\Debug\Final Code.a(M2_Direction.o)
 .debug_aranges
                0x00000ac0       0x28 .\CortexM3\ARM_GCC_541\Debug\Final Code.a(M1_Direction.o)
 .debug_aranges
                0x00000ae8       0x98 .\CortexM3\ARM_GCC_541\Debug\Final Code.a(PWM_M2.o)
 .debug_aranges
                0x00000b80       0x38 .\CortexM3\ARM_GCC_541\Debug\Final Code.a(Left_bumper.o)
 .debug_aranges
                0x00000bb8       0x38 .\CortexM3\ARM_GCC_541\Debug\Final Code.a(Right_bumper.o)
 .debug_aranges
                0x00000bf0       0x98 .\CortexM3\ARM_GCC_541\Debug\Final Code.a(Timer_ULTRASONIC_F2.o)
 .debug_aranges
                0x00000c88       0x98 .\CortexM3\ARM_GCC_541\Debug\Final Code.a(Timer_ULTRASONIC_F1.o)
 .debug_aranges
                0x00000d20       0x98 .\CortexM3\ARM_GCC_541\Debug\Final Code.a(Timer_ULTRASONIC_L.o)
 .debug_aranges
                0x00000db8       0x98 .\CortexM3\ARM_GCC_541\Debug\Final Code.a(Timer_ULTRASONIC_R.o)
 .debug_aranges
                0x00000e50       0x98 .\CortexM3\ARM_GCC_541\Debug\Final Code.a(PWM_Lift.o)
 .debug_aranges
                0x00000ee8       0x98 .\CortexM3\ARM_GCC_541\Debug\Final Code.a(QuadDec_Right_Cnt16.o)
 .debug_aranges
                0x00000f80       0x98 .\CortexM3\ARM_GCC_541\Debug\Final Code.a(QuadDec_Left_Cnt16.o)
 .debug_aranges
                0x00001018       0x20 .\CortexM3\ARM_GCC_541\Debug\Final Code.a(CyBootAsmGnu.o)
 .debug_aranges
                0x00001038       0x60 .\CortexM3\ARM_GCC_541\Debug\Final Code.a(IDAC8.o)
 .debug_aranges
                0x00001098       0x80 .\CortexM3\ARM_GCC_541\Debug\Final Code.a(CyFlash.o)
 .debug_aranges
                0x00001118       0x78 .\CortexM3\ARM_GCC_541\Debug\Final Code.a(CySpc.o)

.debug_pubnames
 *(.debug_pubnames)

.debug_info     0x00000000     0x8cdf
 *(.debug_info .gnu.linkonce.wi.*)
 .debug_info    0x00000000      0xed5 .\CortexM3\ARM_GCC_541\Debug\main.o
 .debug_info    0x00000ed5      0x650 .\CortexM3\ARM_GCC_541\Debug\cyfitter_cfg.o
 .debug_info    0x00001525      0x139 .\CortexM3\ARM_GCC_541\Debug\cymetadata.o
 .debug_info    0x0000165e      0x3bb .\CortexM3\ARM_GCC_541\Debug\Cm3Start.o
 .debug_info    0x00001a19      0x177 .\CortexM3\ARM_GCC_541\Debug\Final Code.a(IDAC8_PM.o)
 .debug_info    0x00001b90      0xb95 .\CortexM3\ARM_GCC_541\Debug\Final Code.a(ADC.o)
 .debug_info    0x00002725       0xd3 .\CortexM3\ARM_GCC_541\Debug\Final Code.a(ADC_INT.o)
 .debug_info    0x000027f8      0x11f .\CortexM3\ARM_GCC_541\Debug\Final Code.a(Flag.o)
 .debug_info    0x00002917      0x283 .\CortexM3\ARM_GCC_541\Debug\Final Code.a(ADC_Ext_CP_Clk.o)
 .debug_info    0x00002b9a      0x2c4 .\CortexM3\ARM_GCC_541\Debug\Final Code.a(ADC_theACLK.o)
 .debug_info    0x00002e5e     0x1374 .\CortexM3\ARM_GCC_541\Debug\Final Code.a(CyLib.o)
 .debug_info    0x000041d2      0xa2a .\CortexM3\ARM_GCC_541\Debug\Final Code.a(cyPm.o)
 .debug_info    0x00004bfc      0x11f .\CortexM3\ARM_GCC_541\Debug\Final Code.a(Reset.o)
 .debug_info    0x00004d1b      0x11f .\CortexM3\ARM_GCC_541\Debug\Final Code.a(LED.o)
 .debug_info    0x00004e3a      0x11f .\CortexM3\ARM_GCC_541\Debug\Final Code.a(Buzzer.o)
 .debug_info    0x00004f59      0x357 .\CortexM3\ARM_GCC_541\Debug\Final Code.a(QuadDec_Right.o)
 .debug_info    0x000052b0       0xf3 .\CortexM3\ARM_GCC_541\Debug\Final Code.a(QuadDec_Right_INT.o)
 .debug_info    0x000053a3      0x357 .\CortexM3\ARM_GCC_541\Debug\Final Code.a(QuadDec_Left.o)
 .debug_info    0x000056fa       0xf3 .\CortexM3\ARM_GCC_541\Debug\Final Code.a(QuadDec_Left_INT.o)
 .debug_info    0x000057ed      0x351 .\CortexM3\ARM_GCC_541\Debug\Final Code.a(PWM_M1.o)
 .debug_info    0x00005b3e      0x354 .\CortexM3\ARM_GCC_541\Debug\Final Code.a(PWM_Grip.o)
 .debug_info    0x00005e92      0x11f .\CortexM3\ARM_GCC_541\Debug\Final Code.a(LED_Blue.o)
 .debug_info    0x00005fb1      0x11f .\CortexM3\ARM_GCC_541\Debug\Final Code.a(LED_Green.o)
 .debug_info    0x000060d0      0x11f .\CortexM3\ARM_GCC_541\Debug\Final Code.a(LED_Red.o)
 .debug_info    0x000061ef       0xd6 .\CortexM3\ARM_GCC_541\Debug\Final Code.a(M2_Direction.o)
 .debug_info    0x000062c5       0xd6 .\CortexM3\ARM_GCC_541\Debug\Final Code.a(M1_Direction.o)
 .debug_info    0x0000639b      0x351 .\CortexM3\ARM_GCC_541\Debug\Final Code.a(PWM_M2.o)
 .debug_info    0x000066ec      0x11f .\CortexM3\ARM_GCC_541\Debug\Final Code.a(Left_bumper.o)
 .debug_info    0x0000680b      0x11f .\CortexM3\ARM_GCC_541\Debug\Final Code.a(Right_bumper.o)
 .debug_info    0x0000692a      0x328 .\CortexM3\ARM_GCC_541\Debug\Final Code.a(Timer_ULTRASONIC_F2.o)
 .debug_info    0x00006c52      0x328 .\CortexM3\ARM_GCC_541\Debug\Final Code.a(Timer_ULTRASONIC_F1.o)
 .debug_info    0x00006f7a      0x328 .\CortexM3\ARM_GCC_541\Debug\Final Code.a(Timer_ULTRASONIC_L.o)
 .debug_info    0x000072a2      0x328 .\CortexM3\ARM_GCC_541\Debug\Final Code.a(Timer_ULTRASONIC_R.o)
 .debug_info    0x000075ca      0x354 .\CortexM3\ARM_GCC_541\Debug\Final Code.a(PWM_Lift.o)
 .debug_info    0x0000791e      0x348 .\CortexM3\ARM_GCC_541\Debug\Final Code.a(QuadDec_Right_Cnt16.o)
 .debug_info    0x00007c66      0x348 .\CortexM3\ARM_GCC_541\Debug\Final Code.a(QuadDec_Left_Cnt16.o)
 .debug_info    0x00007fae       0x87 .\CortexM3\ARM_GCC_541\Debug\Final Code.a(CyBootAsmGnu.o)
 .debug_info    0x00008035      0x209 .\CortexM3\ARM_GCC_541\Debug\Final Code.a(IDAC8.o)
 .debug_info    0x0000823e      0x5b8 .\CortexM3\ARM_GCC_541\Debug\Final Code.a(CyFlash.o)
 .debug_info    0x000087f6      0x4e9 .\CortexM3\ARM_GCC_541\Debug\Final Code.a(CySpc.o)

.debug_abbrev   0x00000000     0x28ef
 *(.debug_abbrev)
 .debug_abbrev  0x00000000      0x1dd .\CortexM3\ARM_GCC_541\Debug\main.o
 .debug_abbrev  0x000001dd      0x20d .\CortexM3\ARM_GCC_541\Debug\cyfitter_cfg.o
 .debug_abbrev  0x000003ea       0x77 .\CortexM3\ARM_GCC_541\Debug\cymetadata.o
 .debug_abbrev  0x00000461      0x1e8 .\CortexM3\ARM_GCC_541\Debug\Cm3Start.o
 .debug_abbrev  0x00000649       0xc4 .\CortexM3\ARM_GCC_541\Debug\Final Code.a(IDAC8_PM.o)
 .debug_abbrev  0x0000070d      0x1cd .\CortexM3\ARM_GCC_541\Debug\Final Code.a(ADC.o)
 .debug_abbrev  0x000008da       0x42 .\CortexM3\ARM_GCC_541\Debug\Final Code.a(ADC_INT.o)
 .debug_abbrev  0x0000091c       0x90 .\CortexM3\ARM_GCC_541\Debug\Final Code.a(Flag.o)
 .debug_abbrev  0x000009ac      0x139 .\CortexM3\ARM_GCC_541\Debug\Final Code.a(ADC_Ext_CP_Clk.o)
 .debug_abbrev  0x00000ae5      0x121 .\CortexM3\ARM_GCC_541\Debug\Final Code.a(ADC_theACLK.o)
 .debug_abbrev  0x00000c06      0x254 .\CortexM3\ARM_GCC_541\Debug\Final Code.a(CyLib.o)
 .debug_abbrev  0x00000e5a      0x1ab .\CortexM3\ARM_GCC_541\Debug\Final Code.a(cyPm.o)
 .debug_abbrev  0x00001005       0x90 .\CortexM3\ARM_GCC_541\Debug\Final Code.a(Reset.o)
 .debug_abbrev  0x00001095       0x90 .\CortexM3\ARM_GCC_541\Debug\Final Code.a(LED.o)
 .debug_abbrev  0x00001125       0x90 .\CortexM3\ARM_GCC_541\Debug\Final Code.a(Buzzer.o)
 .debug_abbrev  0x000011b5      0x128 .\CortexM3\ARM_GCC_541\Debug\Final Code.a(QuadDec_Right.o)
 .debug_abbrev  0x000012dd       0x78 .\CortexM3\ARM_GCC_541\Debug\Final Code.a(QuadDec_Right_INT.o)
 .debug_abbrev  0x00001355      0x128 .\CortexM3\ARM_GCC_541\Debug\Final Code.a(QuadDec_Left.o)
 .debug_abbrev  0x0000147d       0x78 .\CortexM3\ARM_GCC_541\Debug\Final Code.a(QuadDec_Left_INT.o)
 .debug_abbrev  0x000014f5      0x133 .\CortexM3\ARM_GCC_541\Debug\Final Code.a(PWM_M1.o)
 .debug_abbrev  0x00001628      0x133 .\CortexM3\ARM_GCC_541\Debug\Final Code.a(PWM_Grip.o)
 .debug_abbrev  0x0000175b       0x90 .\CortexM3\ARM_GCC_541\Debug\Final Code.a(LED_Blue.o)
 .debug_abbrev  0x000017eb       0x90 .\CortexM3\ARM_GCC_541\Debug\Final Code.a(LED_Green.o)
 .debug_abbrev  0x0000187b       0x90 .\CortexM3\ARM_GCC_541\Debug\Final Code.a(LED_Red.o)
 .debug_abbrev  0x0000190b       0x81 .\CortexM3\ARM_GCC_541\Debug\Final Code.a(M2_Direction.o)
 .debug_abbrev  0x0000198c       0x81 .\CortexM3\ARM_GCC_541\Debug\Final Code.a(M1_Direction.o)
 .debug_abbrev  0x00001a0d      0x133 .\CortexM3\ARM_GCC_541\Debug\Final Code.a(PWM_M2.o)
 .debug_abbrev  0x00001b40       0x90 .\CortexM3\ARM_GCC_541\Debug\Final Code.a(Left_bumper.o)
 .debug_abbrev  0x00001bd0       0x90 .\CortexM3\ARM_GCC_541\Debug\Final Code.a(Right_bumper.o)
 .debug_abbrev  0x00001c60      0x13a .\CortexM3\ARM_GCC_541\Debug\Final Code.a(Timer_ULTRASONIC_F2.o)
 .debug_abbrev  0x00001d9a      0x13a .\CortexM3\ARM_GCC_541\Debug\Final Code.a(Timer_ULTRASONIC_F1.o)
 .debug_abbrev  0x00001ed4      0x13a .\CortexM3\ARM_GCC_541\Debug\Final Code.a(Timer_ULTRASONIC_L.o)
 .debug_abbrev  0x0000200e      0x13a .\CortexM3\ARM_GCC_541\Debug\Final Code.a(Timer_ULTRASONIC_R.o)
 .debug_abbrev  0x00002148      0x133 .\CortexM3\ARM_GCC_541\Debug\Final Code.a(PWM_Lift.o)
 .debug_abbrev  0x0000227b      0x117 .\CortexM3\ARM_GCC_541\Debug\Final Code.a(QuadDec_Right_Cnt16.o)
 .debug_abbrev  0x00002392      0x117 .\CortexM3\ARM_GCC_541\Debug\Final Code.a(QuadDec_Left_Cnt16.o)
 .debug_abbrev  0x000024a9       0x14 .\CortexM3\ARM_GCC_541\Debug\Final Code.a(CyBootAsmGnu.o)
 .debug_abbrev  0x000024bd      0x106 .\CortexM3\ARM_GCC_541\Debug\Final Code.a(IDAC8.o)
 .debug_abbrev  0x000025c3      0x198 .\CortexM3\ARM_GCC_541\Debug\Final Code.a(CyFlash.o)
 .debug_abbrev  0x0000275b      0x194 .\CortexM3\ARM_GCC_541\Debug\Final Code.a(CySpc.o)

.debug_line     0x00000000     0x3cd3
 *(.debug_line)
 .debug_line    0x00000000      0x535 .\CortexM3\ARM_GCC_541\Debug\main.o
 .debug_line    0x00000535      0x213 .\CortexM3\ARM_GCC_541\Debug\cyfitter_cfg.o
 .debug_line    0x00000748      0x141 .\CortexM3\ARM_GCC_541\Debug\cymetadata.o
 .debug_line    0x00000889      0x234 .\CortexM3\ARM_GCC_541\Debug\Cm3Start.o
 .debug_line    0x00000abd       0xa9 .\CortexM3\ARM_GCC_541\Debug\Final Code.a(IDAC8_PM.o)
 .debug_line    0x00000b66      0x3bc .\CortexM3\ARM_GCC_541\Debug\Final Code.a(ADC.o)
 .debug_line    0x00000f22       0x80 .\CortexM3\ARM_GCC_541\Debug\Final Code.a(ADC_INT.o)
 .debug_line    0x00000fa2       0x91 .\CortexM3\ARM_GCC_541\Debug\Final Code.a(Flag.o)
 .debug_line    0x00001033      0x17d .\CortexM3\ARM_GCC_541\Debug\Final Code.a(ADC_Ext_CP_Clk.o)
 .debug_line    0x000011b0      0x19d .\CortexM3\ARM_GCC_541\Debug\Final Code.a(ADC_theACLK.o)
 .debug_line    0x0000134d      0x816 .\CortexM3\ARM_GCC_541\Debug\Final Code.a(CyLib.o)
 .debug_line    0x00001b63      0x367 .\CortexM3\ARM_GCC_541\Debug\Final Code.a(cyPm.o)
 .debug_line    0x00001eca       0x92 .\CortexM3\ARM_GCC_541\Debug\Final Code.a(Reset.o)
 .debug_line    0x00001f5c       0x90 .\CortexM3\ARM_GCC_541\Debug\Final Code.a(LED.o)
 .debug_line    0x00001fec       0x93 .\CortexM3\ARM_GCC_541\Debug\Final Code.a(Buzzer.o)
 .debug_line    0x0000207f      0x149 .\CortexM3\ARM_GCC_541\Debug\Final Code.a(QuadDec_Right.o)
 .debug_line    0x000021c8       0x70 .\CortexM3\ARM_GCC_541\Debug\Final Code.a(QuadDec_Right_INT.o)
 .debug_line    0x00002238      0x146 .\CortexM3\ARM_GCC_541\Debug\Final Code.a(QuadDec_Left.o)
 .debug_line    0x0000237e       0x6f .\CortexM3\ARM_GCC_541\Debug\Final Code.a(QuadDec_Left_INT.o)
 .debug_line    0x000023ed      0x189 .\CortexM3\ARM_GCC_541\Debug\Final Code.a(PWM_M1.o)
 .debug_line    0x00002576      0x18b .\CortexM3\ARM_GCC_541\Debug\Final Code.a(PWM_Grip.o)
 .debug_line    0x00002701       0x95 .\CortexM3\ARM_GCC_541\Debug\Final Code.a(LED_Blue.o)
 .debug_line    0x00002796       0x96 .\CortexM3\ARM_GCC_541\Debug\Final Code.a(LED_Green.o)
 .debug_line    0x0000282c       0x94 .\CortexM3\ARM_GCC_541\Debug\Final Code.a(LED_Red.o)
 .debug_line    0x000028c0       0x74 .\CortexM3\ARM_GCC_541\Debug\Final Code.a(M2_Direction.o)
 .debug_line    0x00002934       0x74 .\CortexM3\ARM_GCC_541\Debug\Final Code.a(M1_Direction.o)
 .debug_line    0x000029a8      0x189 .\CortexM3\ARM_GCC_541\Debug\Final Code.a(PWM_M2.o)
 .debug_line    0x00002b31       0x98 .\CortexM3\ARM_GCC_541\Debug\Final Code.a(Left_bumper.o)
 .debug_line    0x00002bc9       0x99 .\CortexM3\ARM_GCC_541\Debug\Final Code.a(Right_bumper.o)
 .debug_line    0x00002c62      0x190 .\CortexM3\ARM_GCC_541\Debug\Final Code.a(Timer_ULTRASONIC_F2.o)
 .debug_line    0x00002df2      0x190 .\CortexM3\ARM_GCC_541\Debug\Final Code.a(Timer_ULTRASONIC_F1.o)
 .debug_line    0x00002f82      0x18f .\CortexM3\ARM_GCC_541\Debug\Final Code.a(Timer_ULTRASONIC_L.o)
 .debug_line    0x00003111      0x18f .\CortexM3\ARM_GCC_541\Debug\Final Code.a(Timer_ULTRASONIC_R.o)
 .debug_line    0x000032a0      0x18b .\CortexM3\ARM_GCC_541\Debug\Final Code.a(PWM_Lift.o)
 .debug_line    0x0000342b      0x193 .\CortexM3\ARM_GCC_541\Debug\Final Code.a(QuadDec_Right_Cnt16.o)
 .debug_line    0x000035be      0x192 .\CortexM3\ARM_GCC_541\Debug\Final Code.a(QuadDec_Left_Cnt16.o)
 .debug_line    0x00003750       0x66 .\CortexM3\ARM_GCC_541\Debug\Final Code.a(CyBootAsmGnu.o)
 .debug_line    0x000037b6       0xf8 .\CortexM3\ARM_GCC_541\Debug\Final Code.a(IDAC8.o)
 .debug_line    0x000038ae      0x1e9 .\CortexM3\ARM_GCC_541\Debug\Final Code.a(CyFlash.o)
 .debug_line    0x00003a97      0x23c .\CortexM3\ARM_GCC_541\Debug\Final Code.a(CySpc.o)

.debug_frame    0x00000000     0x27c4
 *(.debug_frame)
 .debug_frame   0x00000000      0x220 .\CortexM3\ARM_GCC_541\Debug\main.o
 .debug_frame   0x00000220       0xe4 .\CortexM3\ARM_GCC_541\Debug\cyfitter_cfg.o
 .debug_frame   0x00000304       0xb8 .\CortexM3\ARM_GCC_541\Debug\Cm3Start.o
 .debug_frame   0x000003bc       0x68 .\CortexM3\ARM_GCC_541\Debug\Final Code.a(IDAC8_PM.o)
 .debug_frame   0x00000424      0x290 .\CortexM3\ARM_GCC_541\Debug\Final Code.a(ADC.o)
 .debug_frame   0x000006b4       0x50 .\CortexM3\ARM_GCC_541\Debug\Final Code.a(ADC_INT.o)
 .debug_frame   0x00000704       0x50 .\CortexM3\ARM_GCC_541\Debug\Final Code.a(Flag.o)
 .debug_frame   0x00000754       0xe0 .\CortexM3\ARM_GCC_541\Debug\Final Code.a(ADC_Ext_CP_Clk.o)
 .debug_frame   0x00000834      0x100 .\CortexM3\ARM_GCC_541\Debug\Final Code.a(ADC_theACLK.o)
 .debug_frame   0x00000934      0x738 .\CortexM3\ARM_GCC_541\Debug\Final Code.a(CyLib.o)
 .debug_frame   0x0000106c      0x1f8 .\CortexM3\ARM_GCC_541\Debug\Final Code.a(cyPm.o)
 .debug_frame   0x00001264       0x50 .\CortexM3\ARM_GCC_541\Debug\Final Code.a(Reset.o)
 .debug_frame   0x000012b4       0x50 .\CortexM3\ARM_GCC_541\Debug\Final Code.a(LED.o)
 .debug_frame   0x00001304       0x50 .\CortexM3\ARM_GCC_541\Debug\Final Code.a(Buzzer.o)
 .debug_frame   0x00001354       0xec .\CortexM3\ARM_GCC_541\Debug\Final Code.a(QuadDec_Right.o)
 .debug_frame   0x00001440       0x20 .\CortexM3\ARM_GCC_541\Debug\Final Code.a(QuadDec_Right_INT.o)
 .debug_frame   0x00001460       0xec .\CortexM3\ARM_GCC_541\Debug\Final Code.a(QuadDec_Left.o)
 .debug_frame   0x0000154c       0x20 .\CortexM3\ARM_GCC_541\Debug\Final Code.a(QuadDec_Left_INT.o)
 .debug_frame   0x0000156c      0x134 .\CortexM3\ARM_GCC_541\Debug\Final Code.a(PWM_M1.o)
 .debug_frame   0x000016a0      0x134 .\CortexM3\ARM_GCC_541\Debug\Final Code.a(PWM_Grip.o)
 .debug_frame   0x000017d4       0x50 .\CortexM3\ARM_GCC_541\Debug\Final Code.a(LED_Blue.o)
 .debug_frame   0x00001824       0x50 .\CortexM3\ARM_GCC_541\Debug\Final Code.a(LED_Green.o)
 .debug_frame   0x00001874       0x50 .\CortexM3\ARM_GCC_541\Debug\Final Code.a(LED_Red.o)
 .debug_frame   0x000018c4       0x30 .\CortexM3\ARM_GCC_541\Debug\Final Code.a(M2_Direction.o)
 .debug_frame   0x000018f4       0x30 .\CortexM3\ARM_GCC_541\Debug\Final Code.a(M1_Direction.o)
 .debug_frame   0x00001924      0x134 .\CortexM3\ARM_GCC_541\Debug\Final Code.a(PWM_M2.o)
 .debug_frame   0x00001a58       0x50 .\CortexM3\ARM_GCC_541\Debug\Final Code.a(Left_bumper.o)
 .debug_frame   0x00001aa8       0x50 .\CortexM3\ARM_GCC_541\Debug\Final Code.a(Right_bumper.o)
 .debug_frame   0x00001af8      0x134 .\CortexM3\ARM_GCC_541\Debug\Final Code.a(Timer_ULTRASONIC_F2.o)
 .debug_frame   0x00001c2c      0x134 .\CortexM3\ARM_GCC_541\Debug\Final Code.a(Timer_ULTRASONIC_F1.o)
 .debug_frame   0x00001d60      0x134 .\CortexM3\ARM_GCC_541\Debug\Final Code.a(Timer_ULTRASONIC_L.o)
 .debug_frame   0x00001e94      0x134 .\CortexM3\ARM_GCC_541\Debug\Final Code.a(Timer_ULTRASONIC_R.o)
 .debug_frame   0x00001fc8      0x134 .\CortexM3\ARM_GCC_541\Debug\Final Code.a(PWM_Lift.o)
 .debug_frame   0x000020fc      0x134 .\CortexM3\ARM_GCC_541\Debug\Final Code.a(QuadDec_Right_Cnt16.o)
 .debug_frame   0x00002230      0x134 .\CortexM3\ARM_GCC_541\Debug\Final Code.a(QuadDec_Left_Cnt16.o)
 .debug_frame   0x00002364       0xd0 .\CortexM3\ARM_GCC_541\Debug\Final Code.a(IDAC8.o)
 .debug_frame   0x00002434      0x174 .\CortexM3\ARM_GCC_541\Debug\Final Code.a(CyFlash.o)
 .debug_frame   0x000025a8      0x160 .\CortexM3\ARM_GCC_541\Debug\Final Code.a(CySpc.o)
 .debug_frame   0x00002708       0x20 c:/program files (x86)/cypress/psoc creator/4.1/psoc creator/import/gnu/arm/5.4.1/bin/../lib/gcc/arm-none-eabi/5.4.1/../../../../arm-none-eabi/lib/armv7-m\libg_nano.a(lib_a-errno.o)
 .debug_frame   0x00002728       0x28 c:/program files (x86)/cypress/psoc creator/4.1/psoc creator/import/gnu/arm/5.4.1/bin/../lib/gcc/arm-none-eabi/5.4.1/../../../../arm-none-eabi/lib/armv7-m\libg_nano.a(lib_a-exit.o)
 .debug_frame   0x00002750       0x2c c:/program files (x86)/cypress/psoc creator/4.1/psoc creator/import/gnu/arm/5.4.1/bin/../lib/gcc/arm-none-eabi/5.4.1/../../../../arm-none-eabi/lib/armv7-m\libg_nano.a(lib_a-init.o)
 .debug_frame   0x0000277c       0x28 c:/program files (x86)/cypress/psoc creator/4.1/psoc creator/import/gnu/arm/5.4.1/bin/../lib/gcc/arm-none-eabi/5.4.1/../../../../arm-none-eabi/lib/armv7-m\libg_nano.a(lib_a-memcpy-stub.o)
 .debug_frame   0x000027a4       0x20 c:/program files (x86)/cypress/psoc creator/4.1/psoc creator/import/gnu/arm/5.4.1/bin/../lib/gcc/arm-none-eabi/5.4.1/../../../../arm-none-eabi/lib/armv7-m\libg_nano.a(lib_a-memset.o)

.debug_str      0x00000000     0x3853
 *(.debug_str)
 .debug_str     0x00000000      0x5dc .\CortexM3\ARM_GCC_541\Debug\main.o
                                0x62a (size before relaxing)
 .debug_str     0x000005dc      0x1b5 .\CortexM3\ARM_GCC_541\Debug\cyfitter_cfg.o
                                0x341 (size before relaxing)
 .debug_str     0x00000791       0x7f .\CortexM3\ARM_GCC_541\Debug\cymetadata.o
                                0x1db (size before relaxing)
 .debug_str     0x00000810      0x13e .\CortexM3\ARM_GCC_541\Debug\Cm3Start.o
                                0x301 (size before relaxing)
 .debug_str     0x0000094e       0xa5 .\CortexM3\ARM_GCC_541\Debug\Final Code.a(IDAC8_PM.o)
                                0x226 (size before relaxing)
 .debug_str     0x000009f3      0x398 .\CortexM3\ARM_GCC_541\Debug\Final Code.a(ADC.o)
                                0x5b0 (size before relaxing)
 .debug_str     0x00000d8b       0x45 .\CortexM3\ARM_GCC_541\Debug\Final Code.a(ADC_INT.o)
                                0x1b7 (size before relaxing)
 .debug_str     0x00000dd0       0x5c .\CortexM3\ARM_GCC_541\Debug\Final Code.a(Flag.o)
                                0x1d4 (size before relaxing)
 .debug_str     0x00000e2c      0x173 .\CortexM3\ARM_GCC_541\Debug\Final Code.a(ADC_Ext_CP_Clk.o)
                                0x339 (size before relaxing)
 .debug_str     0x00000f9f      0x14f .\CortexM3\ARM_GCC_541\Debug\Final Code.a(ADC_theACLK.o)
                                0x358 (size before relaxing)
 .debug_str     0x000010ee      0x7db .\CortexM3\ARM_GCC_541\Debug\Final Code.a(CyLib.o)
                                0xa3e (size before relaxing)
 .debug_str     0x000018c9      0x365 .\CortexM3\ARM_GCC_541\Debug\Final Code.a(cyPm.o)
                                0x72a (size before relaxing)
 .debug_str     0x00001c2e       0x50 .\CortexM3\ARM_GCC_541\Debug\Final Code.a(Reset.o)
                                0x1d9 (size before relaxing)
 .debug_str     0x00001c7e       0x47 .\CortexM3\ARM_GCC_541\Debug\Final Code.a(LED.o)
                                0x1cf (size before relaxing)
 .debug_str     0x00001cc5       0x53 .\CortexM3\ARM_GCC_541\Debug\Final Code.a(Buzzer.o)
                                0x1de (size before relaxing)
 .debug_str     0x00001d18      0x183 .\CortexM3\ARM_GCC_541\Debug\Final Code.a(QuadDec_Right.o)
                                0x3c1 (size before relaxing)
 .debug_str     0x00001e9b       0x54 .\CortexM3\ARM_GCC_541\Debug\Final Code.a(QuadDec_Right_INT.o)
                                0x1f5 (size before relaxing)
 .debug_str     0x00001eef      0x166 .\CortexM3\ARM_GCC_541\Debug\Final Code.a(QuadDec_Left.o)
                                0x3b1 (size before relaxing)
 .debug_str     0x00002055       0x51 .\CortexM3\ARM_GCC_541\Debug\Final Code.a(QuadDec_Left_INT.o)
                                0x1f1 (size before relaxing)
 .debug_str     0x000020a6      0x17d .\CortexM3\ARM_GCC_541\Debug\Final Code.a(PWM_M1.o)
                                0x368 (size before relaxing)
 .debug_str     0x00002223      0x188 .\CortexM3\ARM_GCC_541\Debug\Final Code.a(PWM_Grip.o)
                                0x38e (size before relaxing)
 .debug_str     0x000023ab       0x5b .\CortexM3\ARM_GCC_541\Debug\Final Code.a(LED_Blue.o)
                                0x1e8 (size before relaxing)
 .debug_str     0x00002406       0x5f .\CortexM3\ARM_GCC_541\Debug\Final Code.a(LED_Green.o)
                                0x1ed (size before relaxing)
 .debug_str     0x00002465       0x57 .\CortexM3\ARM_GCC_541\Debug\Final Code.a(LED_Red.o)
                                0x1e3 (size before relaxing)
 .debug_str     0x000024bc       0x38 .\CortexM3\ARM_GCC_541\Debug\Final Code.a(M2_Direction.o)
                                0x1bb (size before relaxing)
 .debug_str     0x000024f4       0x38 .\CortexM3\ARM_GCC_541\Debug\Final Code.a(M1_Direction.o)
                                0x1bb (size before relaxing)
 .debug_str     0x0000252c      0x14b .\CortexM3\ARM_GCC_541\Debug\Final Code.a(PWM_M2.o)
                                0x368 (size before relaxing)
 .debug_str     0x00002677       0x68 .\CortexM3\ARM_GCC_541\Debug\Final Code.a(Left_bumper.o)
                                0x1f7 (size before relaxing)
 .debug_str     0x000026df       0x6c .\CortexM3\ARM_GCC_541\Debug\Final Code.a(Right_bumper.o)
                                0x1fc (size before relaxing)
 .debug_str     0x0000274b      0x240 .\CortexM3\ARM_GCC_541\Debug\Final Code.a(Timer_ULTRASONIC_F2.o)
                                0x463 (size before relaxing)
 .debug_str     0x0000298b      0x231 .\CortexM3\ARM_GCC_541\Debug\Final Code.a(Timer_ULTRASONIC_F1.o)
                                0x463 (size before relaxing)
 .debug_str     0x00002bbc      0x220 .\CortexM3\ARM_GCC_541\Debug\Final Code.a(Timer_ULTRASONIC_L.o)
                                0x450 (size before relaxing)
 .debug_str     0x00002ddc      0x220 .\CortexM3\ARM_GCC_541\Debug\Final Code.a(Timer_ULTRASONIC_R.o)
                                0x450 (size before relaxing)
 .debug_str     0x00002ffc      0x188 .\CortexM3\ARM_GCC_541\Debug\Final Code.a(PWM_Lift.o)
                                0x38e (size before relaxing)
 .debug_str     0x00003184      0x20a .\CortexM3\ARM_GCC_541\Debug\Final Code.a(QuadDec_Right_Cnt16.o)
                                0x459 (size before relaxing)
 .debug_str     0x0000338e      0x1ec .\CortexM3\ARM_GCC_541\Debug\Final Code.a(QuadDec_Left_Cnt16.o)
                                0x446 (size before relaxing)
 .debug_str     0x0000357a       0x91 .\CortexM3\ARM_GCC_541\Debug\Final Code.a(IDAC8.o)
                                0x231 (size before relaxing)
 .debug_str     0x0000360b      0x19c .\CortexM3\ARM_GCC_541\Debug\Final Code.a(CyFlash.o)
                                0x398 (size before relaxing)
 .debug_str     0x000037a7       0xac .\CortexM3\ARM_GCC_541\Debug\Final Code.a(CySpc.o)
                                0x321 (size before relaxing)

.debug_loc      0x00000000     0x2bb4
 *(.debug_loc)
 .debug_loc     0x00000000      0x34e .\CortexM3\ARM_GCC_541\Debug\main.o
 .debug_loc     0x0000034e      0x289 .\CortexM3\ARM_GCC_541\Debug\cyfitter_cfg.o
 .debug_loc     0x000005d7      0x144 .\CortexM3\ARM_GCC_541\Debug\Cm3Start.o
 .debug_loc     0x0000071b      0x6b6 .\CortexM3\ARM_GCC_541\Debug\Final Code.a(ADC.o)
 .debug_loc     0x00000dd1       0x42 .\CortexM3\ARM_GCC_541\Debug\Final Code.a(Flag.o)
 .debug_loc     0x00000e13      0x12c .\CortexM3\ARM_GCC_541\Debug\Final Code.a(ADC_Ext_CP_Clk.o)
 .debug_loc     0x00000f3f      0x14d .\CortexM3\ARM_GCC_541\Debug\Final Code.a(ADC_theACLK.o)
 .debug_loc     0x0000108c      0xa11 .\CortexM3\ARM_GCC_541\Debug\Final Code.a(CyLib.o)
 .debug_loc     0x00001a9d      0x1e4 .\CortexM3\ARM_GCC_541\Debug\Final Code.a(cyPm.o)
 .debug_loc     0x00001c81       0x42 .\CortexM3\ARM_GCC_541\Debug\Final Code.a(Reset.o)
 .debug_loc     0x00001cc3       0x42 .\CortexM3\ARM_GCC_541\Debug\Final Code.a(LED.o)
 .debug_loc     0x00001d05       0x42 .\CortexM3\ARM_GCC_541\Debug\Final Code.a(Buzzer.o)
 .debug_loc     0x00001d47       0xb9 .\CortexM3\ARM_GCC_541\Debug\Final Code.a(QuadDec_Right.o)
 .debug_loc     0x00001e00       0x13 .\CortexM3\ARM_GCC_541\Debug\Final Code.a(QuadDec_Right_INT.o)
 .debug_loc     0x00001e13       0xb9 .\CortexM3\ARM_GCC_541\Debug\Final Code.a(QuadDec_Left.o)
 .debug_loc     0x00001ecc       0x13 .\CortexM3\ARM_GCC_541\Debug\Final Code.a(QuadDec_Left_INT.o)
 .debug_loc     0x00001edf       0x26 .\CortexM3\ARM_GCC_541\Debug\Final Code.a(PWM_M1.o)
 .debug_loc     0x00001f05       0x26 .\CortexM3\ARM_GCC_541\Debug\Final Code.a(PWM_Grip.o)
 .debug_loc     0x00001f2b       0x42 .\CortexM3\ARM_GCC_541\Debug\Final Code.a(LED_Blue.o)
 .debug_loc     0x00001f6d       0x42 .\CortexM3\ARM_GCC_541\Debug\Final Code.a(LED_Green.o)
 .debug_loc     0x00001faf       0x42 .\CortexM3\ARM_GCC_541\Debug\Final Code.a(LED_Red.o)
 .debug_loc     0x00001ff1       0x26 .\CortexM3\ARM_GCC_541\Debug\Final Code.a(PWM_M2.o)
 .debug_loc     0x00002017       0x42 .\CortexM3\ARM_GCC_541\Debug\Final Code.a(Left_bumper.o)
 .debug_loc     0x00002059       0x42 .\CortexM3\ARM_GCC_541\Debug\Final Code.a(Right_bumper.o)
 .debug_loc     0x0000209b       0x31 .\CortexM3\ARM_GCC_541\Debug\Final Code.a(Timer_ULTRASONIC_F2.o)
 .debug_loc     0x000020cc       0x31 .\CortexM3\ARM_GCC_541\Debug\Final Code.a(Timer_ULTRASONIC_F1.o)
 .debug_loc     0x000020fd       0x31 .\CortexM3\ARM_GCC_541\Debug\Final Code.a(Timer_ULTRASONIC_L.o)
 .debug_loc     0x0000212e       0x31 .\CortexM3\ARM_GCC_541\Debug\Final Code.a(Timer_ULTRASONIC_R.o)
 .debug_loc     0x0000215f       0x26 .\CortexM3\ARM_GCC_541\Debug\Final Code.a(PWM_Lift.o)
 .debug_loc     0x00002185       0x3d .\CortexM3\ARM_GCC_541\Debug\Final Code.a(QuadDec_Right_Cnt16.o)
 .debug_loc     0x000021c2       0x3d .\CortexM3\ARM_GCC_541\Debug\Final Code.a(QuadDec_Left_Cnt16.o)
 .debug_loc     0x000021ff       0x76 .\CortexM3\ARM_GCC_541\Debug\Final Code.a(IDAC8.o)
 .debug_loc     0x00002275      0x2f2 .\CortexM3\ARM_GCC_541\Debug\Final Code.a(CyFlash.o)
 .debug_loc     0x00002567      0x64d .\CortexM3\ARM_GCC_541\Debug\Final Code.a(CySpc.o)

.debug_macinfo
 *(.debug_macinfo)

.debug_ranges   0x00000000      0xef8
 *(.debug_ranges)
 .debug_ranges  0x00000000       0x98 .\CortexM3\ARM_GCC_541\Debug\main.o
 .debug_ranges  0x00000098       0x48 .\CortexM3\ARM_GCC_541\Debug\cyfitter_cfg.o
 .debug_ranges  0x000000e0       0x38 .\CortexM3\ARM_GCC_541\Debug\Cm3Start.o
 .debug_ranges  0x00000118       0x28 .\CortexM3\ARM_GCC_541\Debug\Final Code.a(IDAC8_PM.o)
 .debug_ranges  0x00000140       0xd8 .\CortexM3\ARM_GCC_541\Debug\Final Code.a(ADC.o)
 .debug_ranges  0x00000218       0x28 .\CortexM3\ARM_GCC_541\Debug\Final Code.a(ADC_INT.o)
 .debug_ranges  0x00000240       0x28 .\CortexM3\ARM_GCC_541\Debug\Final Code.a(Flag.o)
 .debug_ranges  0x00000268       0x60 .\CortexM3\ARM_GCC_541\Debug\Final Code.a(ADC_Ext_CP_Clk.o)
 .debug_ranges  0x000002c8       0x70 .\CortexM3\ARM_GCC_541\Debug\Final Code.a(ADC_theACLK.o)
 .debug_ranges  0x00000338      0x290 .\CortexM3\ARM_GCC_541\Debug\Final Code.a(CyLib.o)
 .debug_ranges  0x000005c8       0x88 .\CortexM3\ARM_GCC_541\Debug\Final Code.a(cyPm.o)
 .debug_ranges  0x00000650       0x28 .\CortexM3\ARM_GCC_541\Debug\Final Code.a(Reset.o)
 .debug_ranges  0x00000678       0x28 .\CortexM3\ARM_GCC_541\Debug\Final Code.a(LED.o)
 .debug_ranges  0x000006a0       0x28 .\CortexM3\ARM_GCC_541\Debug\Final Code.a(Buzzer.o)
 .debug_ranges  0x000006c8       0x50 .\CortexM3\ARM_GCC_541\Debug\Final Code.a(QuadDec_Right.o)
 .debug_ranges  0x00000718       0x10 .\CortexM3\ARM_GCC_541\Debug\Final Code.a(QuadDec_Right_INT.o)
 .debug_ranges  0x00000728       0x50 .\CortexM3\ARM_GCC_541\Debug\Final Code.a(QuadDec_Left.o)
 .debug_ranges  0x00000778       0x10 .\CortexM3\ARM_GCC_541\Debug\Final Code.a(QuadDec_Left_INT.o)
 .debug_ranges  0x00000788       0x88 .\CortexM3\ARM_GCC_541\Debug\Final Code.a(PWM_M1.o)
 .debug_ranges  0x00000810       0x88 .\CortexM3\ARM_GCC_541\Debug\Final Code.a(PWM_Grip.o)
 .debug_ranges  0x00000898       0x28 .\CortexM3\ARM_GCC_541\Debug\Final Code.a(LED_Blue.o)
 .debug_ranges  0x000008c0       0x28 .\CortexM3\ARM_GCC_541\Debug\Final Code.a(LED_Green.o)
 .debug_ranges  0x000008e8       0x28 .\CortexM3\ARM_GCC_541\Debug\Final Code.a(LED_Red.o)
 .debug_ranges  0x00000910       0x18 .\CortexM3\ARM_GCC_541\Debug\Final Code.a(M2_Direction.o)
 .debug_ranges  0x00000928       0x18 .\CortexM3\ARM_GCC_541\Debug\Final Code.a(M1_Direction.o)
 .debug_ranges  0x00000940       0x88 .\CortexM3\ARM_GCC_541\Debug\Final Code.a(PWM_M2.o)
 .debug_ranges  0x000009c8       0x28 .\CortexM3\ARM_GCC_541\Debug\Final Code.a(Left_bumper.o)
 .debug_ranges  0x000009f0       0x28 .\CortexM3\ARM_GCC_541\Debug\Final Code.a(Right_bumper.o)
 .debug_ranges  0x00000a18       0x88 .\CortexM3\ARM_GCC_541\Debug\Final Code.a(Timer_ULTRASONIC_F2.o)
 .debug_ranges  0x00000aa0       0x88 .\CortexM3\ARM_GCC_541\Debug\Final Code.a(Timer_ULTRASONIC_F1.o)
 .debug_ranges  0x00000b28       0x88 .\CortexM3\ARM_GCC_541\Debug\Final Code.a(Timer_ULTRASONIC_L.o)
 .debug_ranges  0x00000bb0       0x88 .\CortexM3\ARM_GCC_541\Debug\Final Code.a(Timer_ULTRASONIC_R.o)
 .debug_ranges  0x00000c38       0x88 .\CortexM3\ARM_GCC_541\Debug\Final Code.a(PWM_Lift.o)
 .debug_ranges  0x00000cc0       0x88 .\CortexM3\ARM_GCC_541\Debug\Final Code.a(QuadDec_Right_Cnt16.o)
 .debug_ranges  0x00000d48       0x88 .\CortexM3\ARM_GCC_541\Debug\Final Code.a(QuadDec_Left_Cnt16.o)
 .debug_ranges  0x00000dd0       0x50 .\CortexM3\ARM_GCC_541\Debug\Final Code.a(IDAC8.o)
 .debug_ranges  0x00000e20       0x70 .\CortexM3\ARM_GCC_541\Debug\Final Code.a(CyFlash.o)
 .debug_ranges  0x00000e90       0x68 .\CortexM3\ARM_GCC_541\Debug\Final Code.a(CySpc.o)

.comment        0x00000000       0x6e
 .comment       0x00000000       0x6e .\CortexM3\ARM_GCC_541\Debug\main.o
                                 0x6f (size before relaxing)
 .comment       0x0000006e       0x6f .\CortexM3\ARM_GCC_541\Debug\cyfitter_cfg.o
 .comment       0x0000006e       0x6f .\CortexM3\ARM_GCC_541\Debug\cymetadata.o
 .comment       0x0000006e       0x6f .\CortexM3\ARM_GCC_541\Debug\Cm3Start.o
 .comment       0x0000006e       0x6f .\CortexM3\ARM_GCC_541\Debug\Final Code.a(IDAC8_PM.o)
 .comment       0x0000006e       0x6f .\CortexM3\ARM_GCC_541\Debug\Final Code.a(ADC.o)
 .comment       0x0000006e       0x6f .\CortexM3\ARM_GCC_541\Debug\Final Code.a(ADC_INT.o)
 .comment       0x0000006e       0x6f .\CortexM3\ARM_GCC_541\Debug\Final Code.a(Flag.o)
 .comment       0x0000006e       0x6f .\CortexM3\ARM_GCC_541\Debug\Final Code.a(ADC_Ext_CP_Clk.o)
 .comment       0x0000006e       0x6f .\CortexM3\ARM_GCC_541\Debug\Final Code.a(ADC_theACLK.o)
 .comment       0x0000006e       0x6f .\CortexM3\ARM_GCC_541\Debug\Final Code.a(CyLib.o)
 .comment       0x0000006e       0x6f .\CortexM3\ARM_GCC_541\Debug\Final Code.a(cyPm.o)
 .comment       0x0000006e       0x6f .\CortexM3\ARM_GCC_541\Debug\Final Code.a(Reset.o)
 .comment       0x0000006e       0x6f .\CortexM3\ARM_GCC_541\Debug\Final Code.a(LED.o)
 .comment       0x0000006e       0x6f .\CortexM3\ARM_GCC_541\Debug\Final Code.a(Buzzer.o)
 .comment       0x0000006e       0x6f .\CortexM3\ARM_GCC_541\Debug\Final Code.a(QuadDec_Right.o)
 .comment       0x0000006e       0x6f .\CortexM3\ARM_GCC_541\Debug\Final Code.a(QuadDec_Right_INT.o)
 .comment       0x0000006e       0x6f .\CortexM3\ARM_GCC_541\Debug\Final Code.a(QuadDec_Left.o)
 .comment       0x0000006e       0x6f .\CortexM3\ARM_GCC_541\Debug\Final Code.a(QuadDec_Left_INT.o)
 .comment       0x0000006e       0x6f .\CortexM3\ARM_GCC_541\Debug\Final Code.a(PWM_M1.o)
 .comment       0x0000006e       0x6f .\CortexM3\ARM_GCC_541\Debug\Final Code.a(PWM_Grip.o)
 .comment       0x0000006e       0x6f .\CortexM3\ARM_GCC_541\Debug\Final Code.a(LED_Blue.o)
 .comment       0x0000006e       0x6f .\CortexM3\ARM_GCC_541\Debug\Final Code.a(LED_Green.o)
 .comment       0x0000006e       0x6f .\CortexM3\ARM_GCC_541\Debug\Final Code.a(LED_Red.o)
 .comment       0x0000006e       0x6f .\CortexM3\ARM_GCC_541\Debug\Final Code.a(M2_Direction.o)
 .comment       0x0000006e       0x6f .\CortexM3\ARM_GCC_541\Debug\Final Code.a(M1_Direction.o)
 .comment       0x0000006e       0x6f .\CortexM3\ARM_GCC_541\Debug\Final Code.a(PWM_M2.o)
 .comment       0x0000006e       0x6f .\CortexM3\ARM_GCC_541\Debug\Final Code.a(Left_bumper.o)
 .comment       0x0000006e       0x6f .\CortexM3\ARM_GCC_541\Debug\Final Code.a(Right_bumper.o)
 .comment       0x0000006e       0x6f .\CortexM3\ARM_GCC_541\Debug\Final Code.a(Timer_ULTRASONIC_F2.o)
 .comment       0x0000006e       0x6f .\CortexM3\ARM_GCC_541\Debug\Final Code.a(Timer_ULTRASONIC_F1.o)
 .comment       0x0000006e       0x6f .\CortexM3\ARM_GCC_541\Debug\Final Code.a(Timer_ULTRASONIC_L.o)
 .comment       0x0000006e       0x6f .\CortexM3\ARM_GCC_541\Debug\Final Code.a(Timer_ULTRASONIC_R.o)
 .comment       0x0000006e       0x6f .\CortexM3\ARM_GCC_541\Debug\Final Code.a(PWM_Lift.o)
 .comment       0x0000006e       0x6f .\CortexM3\ARM_GCC_541\Debug\Final Code.a(QuadDec_Right_Cnt16.o)
 .comment       0x0000006e       0x6f .\CortexM3\ARM_GCC_541\Debug\Final Code.a(QuadDec_Left_Cnt16.o)
 .comment       0x0000006e       0x6f .\CortexM3\ARM_GCC_541\Debug\Final Code.a(IDAC8.o)
 .comment       0x0000006e       0x6f .\CortexM3\ARM_GCC_541\Debug\Final Code.a(CyFlash.o)
 .comment       0x0000006e       0x6f .\CortexM3\ARM_GCC_541\Debug\Final Code.a(CySpc.o)

.debug_weaknames
 *(.debug_weaknames)

.debug_funcnames
 *(.debug_funcnames)

.debug_typenames
 *(.debug_typenames)

.debug_varnames
 *(.debug_varnames)

.note.gnu.arm.ident
 *(.note.gnu.arm.ident)

.ARM.attributes
                0x00000000       0x29
 *(.ARM.attributes)
 .ARM.attributes
                0x00000000       0x1d c:/program files (x86)/cypress/psoc creator/4.1/psoc creator/import/gnu/arm/5.4.1/bin/../lib/gcc/arm-none-eabi/5.4.1/armv7-m/crti.o
 .ARM.attributes
                0x0000001d       0x2d c:/program files (x86)/cypress/psoc creator/4.1/psoc creator/import/gnu/arm/5.4.1/bin/../lib/gcc/arm-none-eabi/5.4.1/armv7-m/crtbegin.o
 .ARM.attributes
                0x0000004a       0x1b c:/program files (x86)/cypress/psoc creator/4.1/psoc creator/import/gnu/arm/5.4.1/bin/../lib/gcc/arm-none-eabi/5.4.1/../../../../arm-none-eabi/lib/armv7-m/crt0.o
 .ARM.attributes
                0x00000065       0x33 .\CortexM3\ARM_GCC_541\Debug\main.o
 .ARM.attributes
                0x00000098       0x33 .\CortexM3\ARM_GCC_541\Debug\cyfitter_cfg.o
 .ARM.attributes
                0x000000cb       0x33 .\CortexM3\ARM_GCC_541\Debug\cymetadata.o
 .ARM.attributes
                0x000000fe       0x33 .\CortexM3\ARM_GCC_541\Debug\Cm3Start.o
 .ARM.attributes
                0x00000131       0x33 .\CortexM3\ARM_GCC_541\Debug\Final Code.a(IDAC8_PM.o)
 .ARM.attributes
                0x00000164       0x33 .\CortexM3\ARM_GCC_541\Debug\Final Code.a(ADC.o)
 .ARM.attributes
                0x00000197       0x33 .\CortexM3\ARM_GCC_541\Debug\Final Code.a(ADC_INT.o)
 .ARM.attributes
                0x000001ca       0x33 .\CortexM3\ARM_GCC_541\Debug\Final Code.a(Flag.o)
 .ARM.attributes
                0x000001fd       0x33 .\CortexM3\ARM_GCC_541\Debug\Final Code.a(ADC_Ext_CP_Clk.o)
 .ARM.attributes
                0x00000230       0x33 .\CortexM3\ARM_GCC_541\Debug\Final Code.a(ADC_theACLK.o)
 .ARM.attributes
                0x00000263       0x33 .\CortexM3\ARM_GCC_541\Debug\Final Code.a(CyLib.o)
 .ARM.attributes
                0x00000296       0x33 .\CortexM3\ARM_GCC_541\Debug\Final Code.a(cyPm.o)
 .ARM.attributes
                0x000002c9       0x33 .\CortexM3\ARM_GCC_541\Debug\Final Code.a(Reset.o)
 .ARM.attributes
                0x000002fc       0x33 .\CortexM3\ARM_GCC_541\Debug\Final Code.a(LED.o)
 .ARM.attributes
                0x0000032f       0x33 .\CortexM3\ARM_GCC_541\Debug\Final Code.a(Buzzer.o)
 .ARM.attributes
                0x00000362       0x33 .\CortexM3\ARM_GCC_541\Debug\Final Code.a(QuadDec_Right.o)
 .ARM.attributes
                0x00000395       0x33 .\CortexM3\ARM_GCC_541\Debug\Final Code.a(QuadDec_Right_INT.o)
 .ARM.attributes
                0x000003c8       0x33 .\CortexM3\ARM_GCC_541\Debug\Final Code.a(QuadDec_Left.o)
 .ARM.attributes
                0x000003fb       0x33 .\CortexM3\ARM_GCC_541\Debug\Final Code.a(QuadDec_Left_INT.o)
 .ARM.attributes
                0x0000042e       0x33 .\CortexM3\ARM_GCC_541\Debug\Final Code.a(PWM_M1.o)
 .ARM.attributes
                0x00000461       0x33 .\CortexM3\ARM_GCC_541\Debug\Final Code.a(PWM_Grip.o)
 .ARM.attributes
                0x00000494       0x33 .\CortexM3\ARM_GCC_541\Debug\Final Code.a(LED_Blue.o)
 .ARM.attributes
                0x000004c7       0x33 .\CortexM3\ARM_GCC_541\Debug\Final Code.a(LED_Green.o)
 .ARM.attributes
                0x000004fa       0x33 .\CortexM3\ARM_GCC_541\Debug\Final Code.a(LED_Red.o)
 .ARM.attributes
                0x0000052d       0x33 .\CortexM3\ARM_GCC_541\Debug\Final Code.a(M2_Direction.o)
 .ARM.attributes
                0x00000560       0x33 .\CortexM3\ARM_GCC_541\Debug\Final Code.a(M1_Direction.o)
 .ARM.attributes
                0x00000593       0x33 .\CortexM3\ARM_GCC_541\Debug\Final Code.a(PWM_M2.o)
 .ARM.attributes
                0x000005c6       0x33 .\CortexM3\ARM_GCC_541\Debug\Final Code.a(Left_bumper.o)
 .ARM.attributes
                0x000005f9       0x33 .\CortexM3\ARM_GCC_541\Debug\Final Code.a(Right_bumper.o)
 .ARM.attributes
                0x0000062c       0x33 .\CortexM3\ARM_GCC_541\Debug\Final Code.a(Timer_ULTRASONIC_F2.o)
 .ARM.attributes
                0x0000065f       0x33 .\CortexM3\ARM_GCC_541\Debug\Final Code.a(Timer_ULTRASONIC_F1.o)
 .ARM.attributes
                0x00000692       0x33 .\CortexM3\ARM_GCC_541\Debug\Final Code.a(Timer_ULTRASONIC_L.o)
 .ARM.attributes
                0x000006c5       0x33 .\CortexM3\ARM_GCC_541\Debug\Final Code.a(Timer_ULTRASONIC_R.o)
 .ARM.attributes
                0x000006f8       0x33 .\CortexM3\ARM_GCC_541\Debug\Final Code.a(PWM_Lift.o)
 .ARM.attributes
                0x0000072b       0x33 .\CortexM3\ARM_GCC_541\Debug\Final Code.a(QuadDec_Right_Cnt16.o)
 .ARM.attributes
                0x0000075e       0x33 .\CortexM3\ARM_GCC_541\Debug\Final Code.a(QuadDec_Left_Cnt16.o)
 .ARM.attributes
                0x00000791       0x21 .\CortexM3\ARM_GCC_541\Debug\Final Code.a(CyBootAsmGnu.o)
 .ARM.attributes
                0x000007b2       0x33 .\CortexM3\ARM_GCC_541\Debug\Final Code.a(IDAC8.o)
 .ARM.attributes
                0x000007e5       0x33 .\CortexM3\ARM_GCC_541\Debug\Final Code.a(CyFlash.o)
 .ARM.attributes
                0x00000818       0x33 .\CortexM3\ARM_GCC_541\Debug\Final Code.a(CySpc.o)
 .ARM.attributes
                0x0000084b       0x1d c:/program files (x86)/cypress/psoc creator/4.1/psoc creator/import/gnu/arm/5.4.1/bin/../lib/gcc/arm-none-eabi/5.4.1/armv7-m\libgcc.a(_arm_addsubdf3.o)
 .ARM.attributes
                0x00000868       0x1d c:/program files (x86)/cypress/psoc creator/4.1/psoc creator/import/gnu/arm/5.4.1/bin/../lib/gcc/arm-none-eabi/5.4.1/armv7-m\libgcc.a(_arm_muldivdf3.o)
 .ARM.attributes
                0x00000885       0x1d c:/program files (x86)/cypress/psoc creator/4.1/psoc creator/import/gnu/arm/5.4.1/bin/../lib/gcc/arm-none-eabi/5.4.1/armv7-m\libgcc.a(_arm_cmpdf2.o)
 .ARM.attributes
                0x000008a2       0x1d c:/program files (x86)/cypress/psoc creator/4.1/psoc creator/import/gnu/arm/5.4.1/bin/../lib/gcc/arm-none-eabi/5.4.1/armv7-m\libgcc.a(_arm_truncdfsf2.o)
 .ARM.attributes
                0x000008bf       0x1d c:/program files (x86)/cypress/psoc creator/4.1/psoc creator/import/gnu/arm/5.4.1/bin/../lib/gcc/arm-none-eabi/5.4.1/armv7-m\libgcc.a(_arm_addsubsf3.o)
 .ARM.attributes
                0x000008dc       0x1d c:/program files (x86)/cypress/psoc creator/4.1/psoc creator/import/gnu/arm/5.4.1/bin/../lib/gcc/arm-none-eabi/5.4.1/armv7-m\libgcc.a(_arm_muldivsf3.o)
 .ARM.attributes
                0x000008f9       0x1d c:/program files (x86)/cypress/psoc creator/4.1/psoc creator/import/gnu/arm/5.4.1/bin/../lib/gcc/arm-none-eabi/5.4.1/armv7-m\libgcc.a(_arm_cmpsf2.o)
 .ARM.attributes
                0x00000916       0x1d c:/program files (x86)/cypress/psoc creator/4.1/psoc creator/import/gnu/arm/5.4.1/bin/../lib/gcc/arm-none-eabi/5.4.1/armv7-m\libgcc.a(_arm_fixunssfsi.o)
 .ARM.attributes
                0x00000933       0x2d c:/program files (x86)/cypress/psoc creator/4.1/psoc creator/import/gnu/arm/5.4.1/bin/../lib/gcc/arm-none-eabi/5.4.1/../../../../arm-none-eabi/lib/armv7-m\libg_nano.a(lib_a-errno.o)
 .ARM.attributes
                0x00000960       0x2d c:/program files (x86)/cypress/psoc creator/4.1/psoc creator/import/gnu/arm/5.4.1/bin/../lib/gcc/arm-none-eabi/5.4.1/../../../../arm-none-eabi/lib/armv7-m\libg_nano.a(lib_a-exit.o)
 .ARM.attributes
                0x0000098d       0x2d c:/program files (x86)/cypress/psoc creator/4.1/psoc creator/import/gnu/arm/5.4.1/bin/../lib/gcc/arm-none-eabi/5.4.1/../../../../arm-none-eabi/lib/armv7-m\libg_nano.a(lib_a-impure.o)
 .ARM.attributes
                0x000009ba       0x2d c:/program files (x86)/cypress/psoc creator/4.1/psoc creator/import/gnu/arm/5.4.1/bin/../lib/gcc/arm-none-eabi/5.4.1/../../../../arm-none-eabi/lib/armv7-m\libg_nano.a(lib_a-init.o)
 .ARM.attributes
                0x000009e7       0x2d c:/program files (x86)/cypress/psoc creator/4.1/psoc creator/import/gnu/arm/5.4.1/bin/../lib/gcc/arm-none-eabi/5.4.1/../../../../arm-none-eabi/lib/armv7-m\libg_nano.a(lib_a-memcpy-stub.o)
 .ARM.attributes
                0x00000a14       0x2d c:/program files (x86)/cypress/psoc creator/4.1/psoc creator/import/gnu/arm/5.4.1/bin/../lib/gcc/arm-none-eabi/5.4.1/../../../../arm-none-eabi/lib/armv7-m\libg_nano.a(lib_a-memset.o)
 .ARM.attributes
                0x00000a41       0x2d c:/program files (x86)/cypress/psoc creator/4.1/psoc creator/import/gnu/arm/5.4.1/bin/../lib/gcc/arm-none-eabi/5.4.1/armv7-m/crtend.o
 .ARM.attributes
                0x00000a6e       0x1d c:/program files (x86)/cypress/psoc creator/4.1/psoc creator/import/gnu/arm/5.4.1/bin/../lib/gcc/arm-none-eabi/5.4.1/armv7-m/crtn.o

/DISCARD/
 *(.note.GNU-stack)
OUTPUT(C:\Users\daani\Documents\GitHub\ECE3091\Final Code.cydsn\CortexM3\ARM_GCC_541\Debug\Final Code.elf elf32-littlearm)
